../Core/Src/main.c:121:5:main	8	static
../Core/Src/main.c:208:6:SystemClock_Config	88	static
../Core/Src/main.c:256:13:MX_SPI2_Init	8	static
../Core/Src/main.c:294:13:MX_TIM11_Init	8	static
../Core/Src/main.c:325:13:MX_USART1_UART_Init	8	static
../Core/Src/main.c:358:13:MX_USART2_UART_Init	8	static
../Core/Src/main.c:391:13:MX_GPIO_Init	48	static
../Core/Src/main.c:434:6:HAL_UART_RxCpltCallback	16	static
../Core/Src/main.c:439:6:HAL_GPIO_EXTI_Callback	16	static
../Core/Src/main.c:447:6:HAL_TIM_PeriodElapsedCallback	16	static
../Core/Src/main.c:454:6:calculateFrequency	16	static
../Core/Src/main.c:459:7:mapRange	40	static
../Core/Src/main.c:465:6:filter	24	static
../Core/Src/main.c:470:6:oscillator	32	static
../Core/Src/main.c:506:6:serial_tx	8	static
../Core/Src/main.c:512:6:write_L	8	static
../Core/Src/main.c:519:6:write_R	8	static
../Core/Src/main.c:532:6:Error_Handler	4	static,ignoring_inline_asm
